// Jest Snapshot v1, https://goo.gl/fbAQLP

exports[`<Header /> Should render and match the snapshot 1`] = `
<header
  class="Header__StyledHeader-sc-8uoddh-0 gqUeZx"
>
  Quick form test
</header>
`;
